[pod/kube-controller-manager-article3-performance-control-plane/kube-controller-manager] I0712 14:46:57.613390       1 serving.go:386] Generated self-signed cert in-memory
[pod/kube-controller-manager-article3-performance-control-plane/kube-controller-manager] I0712 14:46:57.630040       1 controllermanager.go:189] "Starting" version="v1.35.0"
[pod/kube-controller-manager-article3-performance-control-plane/kube-controller-manager] I0712 14:46:57.630099       1 controllermanager.go:191] "Golang settings" GOGC="" GOMAXPROCS="" GOTRACEBACK=""
[pod/kube-controller-manager-article3-performance-control-plane/kube-controller-manager] I0712 14:46:57.632926       1 dynamic_cafile_content.go:161] "Starting controller" name="request-header::/etc/kubernetes/pki/front-proxy-ca.crt"
[pod/kube-controller-manager-article3-performance-control-plane/kube-controller-manager] I0712 14:46:57.632981       1 dynamic_cafile_content.go:161] "Starting controller" name="client-ca-bundle::/etc/kubernetes/pki/ca.crt"
[pod/kube-controller-manager-article3-performance-control-plane/kube-controller-manager] I0712 14:46:57.633089       1 secure_serving.go:211] Serving securely on 127.0.0.1:10257
[pod/kube-controller-manager-article3-performance-control-plane/kube-controller-manager] I0712 14:46:57.633416       1 tlsconfig.go:243] "Starting DynamicServingCertificateController"
[pod/kube-controller-manager-article3-performance-control-plane/kube-controller-manager] I0712 14:46:57.633622       1 leaderelection.go:258] "Attempting to acquire leader lease..." lock="kube-system/kube-controller-manager"
[pod/kube-controller-manager-article3-performance-control-plane/kube-controller-manager] E0712 14:46:59.538196       1 leaderelection.go:452] "Error retrieving lease lock" err="leases.coordination.k8s.io \"kube-controller-manager\" is forbidden: User \"system:kube-controller-manager\" cannot get resource \"leases\" in API group \"coordination.k8s.io\" in the namespace \"kube-system\"" lock="kube-system/kube-controller-manager"
[pod/kube-controller-manager-article3-performance-control-plane/kube-controller-manager] I0712 14:47:03.727379       1 leaderelection.go:272] "Successfully acquired lease" lock="kube-system/kube-controller-manager"
[pod/kube-controller-manager-article3-performance-control-plane/kube-controller-manager] I0712 14:47:03.727615       1 event.go:389] "Event occurred" object="kube-system/kube-controller-manager" fieldPath="" kind="Lease" apiVersion="coordination.k8s.io/v1" type="Normal" reason="LeaderElection" message="article3-performance-control-plane_02098948-1deb-42ab-8aec-ce40755aa1f7 became leader"
[pod/kube-controller-manager-article3-performance-control-plane/kube-controller-manager] I0712 14:47:03.758596       1 controller_descriptor.go:99] "Controller is disabled by a feature gate" controller="device-taint-eviction-controller" requiredFeatureGates=["DynamicResourceAllocation","DRADeviceTaints"]
[pod/kube-controller-manager-article3-performance-control-plane/kube-controller-manager] I0712 14:47:03.758698       1 controllermanager.go:579] "Warning: skipping controller" controller="device-taint-eviction-controller"
[pod/kube-controller-manager-article3-performance-control-plane/kube-controller-manager] I0712 14:47:03.783282       1 controllermanager.go:627] "Warning: controller is disabled" controller="selinux-warning-controller"
[pod/kube-controller-manager-article3-performance-control-plane/kube-controller-manager] I0712 14:47:03.868335       1 controller_descriptor.go:99] "Controller is disabled by a feature gate" controller="kube-apiserver-serving-clustertrustbundle-publisher-controller" requiredFeatureGates=["ClusterTrustBundle"]
[pod/kube-controller-manager-article3-performance-control-plane/kube-controller-manager] I0712 14:47:03.868398       1 controllermanager.go:579] "Warning: skipping controller" controller="kube-apiserver-serving-clustertrustbundle-publisher-controller"
[pod/kube-controller-manager-article3-performance-control-plane/kube-controller-manager] I0712 14:47:04.941124       1 controller_descriptor.go:107] "Skipping a cloud provider controller" controller="node-route-controller"
[pod/kube-controller-manager-article3-performance-control-plane/kube-controller-manager] I0712 14:47:04.941246       1 controllermanager.go:579] "Warning: skipping controller" controller="node-route-controller"
[pod/kube-controller-manager-article3-performance-control-plane/kube-controller-manager] I0712 14:47:04.941260       1 controller_descriptor.go:107] "Skipping a cloud provider controller" controller="cloud-node-lifecycle-controller"
[pod/kube-controller-manager-article3-performance-control-plane/kube-controller-manager] I0712 14:47:04.941268       1 controllermanager.go:579] "Warning: skipping controller" controller="cloud-node-lifecycle-controller"
[pod/kube-controller-manager-article3-performance-control-plane/kube-controller-manager] I0712 14:47:04.941285       1 controllermanager.go:579] "Warning: skipping controller" controller="storage-version-migrator-controller"
[pod/kube-controller-manager-article3-performance-control-plane/kube-controller-manager] I0712 14:47:05.239569       1 node_lifecycle_controller.go:419] "Controller will reconcile labels" logger="node-lifecycle-controller"
[pod/kube-controller-manager-article3-performance-control-plane/kube-controller-manager] I0712 14:47:05.736543       1 controller_descriptor.go:99] "Controller is disabled by a feature gate" controller="podcertificaterequest-cleaner-controller" requiredFeatureGates=["PodCertificateRequest"]
[pod/kube-controller-manager-article3-performance-control-plane/kube-controller-manager] I0712 14:47:05.736620       1 controllermanager.go:579] "Warning: skipping controller" controller="podcertificaterequest-cleaner-controller"
[pod/kube-controller-manager-article3-performance-control-plane/kube-controller-manager] I0712 14:47:06.500649       1 range_allocator.go:113] "No Secondary Service CIDR provided. Skipping filtering out secondary service addresses" logger="node-ipam-controller"
[pod/kube-controller-manager-article3-performance-control-plane/kube-controller-manager] I0712 14:47:07.240385       1 controller_descriptor.go:99] "Controller is disabled by a feature gate" controller="storageversion-garbage-collector-controller" requiredFeatureGates=["APIServerIdentity","StorageVersionAPI"]
[pod/kube-controller-manager-article3-performance-control-plane/kube-controller-manager] I0712 14:47:07.240468       1 controllermanager.go:579] "Warning: skipping controller" controller="storageversion-garbage-collector-controller"
[pod/kube-controller-manager-article3-performance-control-plane/kube-controller-manager] I0712 14:47:07.740762       1 controller_descriptor.go:107] "Skipping a cloud provider controller" controller="service-lb-controller"
[pod/kube-controller-manager-article3-performance-control-plane/kube-controller-manager] I0712 14:47:07.740817       1 controllermanager.go:579] "Warning: skipping controller" controller="service-lb-controller"
[pod/kube-controller-manager-article3-performance-control-plane/kube-controller-manager] I0712 14:47:08.196095       1 resource_quota_monitor.go:228] "QuotaMonitor created object count evaluator" logger="resourcequota-controller" resource="podtemplates"
[pod/kube-controller-manager-article3-performance-control-plane/kube-controller-manager] I0712 14:47:08.196200       1 resource_quota_monitor.go:228] "QuotaMonitor created object count evaluator" logger="resourcequota-controller" resource="cronjobs.batch"
[pod/kube-controller-manager-article3-performance-control-plane/kube-controller-manager] I0712 14:47:08.196239       1 resource_quota_monitor.go:228] "QuotaMonitor created object count evaluator" logger="resourcequota-controller" resource="csistoragecapacities.storage.k8s.io"
[pod/kube-controller-manager-article3-performance-control-plane/kube-controller-manager] I0712 14:47:08.196292       1 resource_quota_monitor.go:228] "QuotaMonitor created object count evaluator" logger="resourcequota-controller" resource="limitranges"
[pod/kube-controller-manager-article3-performance-control-plane/kube-controller-manager] I0712 14:47:08.196386       1 resource_quota_monitor.go:228] "QuotaMonitor created object count evaluator" logger="resourcequota-controller" resource="endpointslices.discovery.k8s.io"
[pod/kube-controller-manager-article3-performance-control-plane/kube-controller-manager] I0712 14:47:08.196500       1 resource_quota_monitor.go:228] "QuotaMonitor created object count evaluator" logger="resourcequota-controller" resource="daemonsets.apps"
[pod/kube-controller-manager-article3-performance-control-plane/kube-controller-manager] I0712 14:47:08.196584       1 resource_quota_monitor.go:228] "QuotaMonitor created object count evaluator" logger="resourcequota-controller" resource="deployments.apps"
[pod/kube-controller-manager-article3-performance-control-plane/kube-controller-manager] I0712 14:47:08.196641       1 resource_quota_monitor.go:228] "QuotaMonitor created object count evaluator" logger="resourcequota-controller" resource="jobs.batch"
[pod/kube-controller-manager-article3-performance-control-plane/kube-controller-manager] I0712 14:47:08.196664       1 resource_quota_monitor.go:228] "QuotaMonitor created object count evaluator" logger="resourcequota-controller" resource="poddisruptionbudgets.policy"
[pod/kube-controller-manager-article3-performance-control-plane/kube-controller-manager] I0712 14:47:08.196740       1 resource_quota_monitor.go:228] "QuotaMonitor created object count evaluator" logger="resourcequota-controller" resource="rolebindings.rbac.authorization.k8s.io"
[pod/kube-controller-manager-article3-performance-control-plane/kube-controller-manager] I0712 14:47:08.196827       1 resource_quota_monitor.go:228] "QuotaMonitor created object count evaluator" logger="resourcequota-controller" resource="leases.coordination.k8s.io"
[pod/kube-controller-manager-article3-performance-control-plane/kube-controller-manager] I0712 14:47:08.196931       1 resource_quota_monitor.go:228] "QuotaMonitor created object count evaluator" logger="resourcequota-controller" resource="horizontalpodautoscalers.autoscaling"
[pod/kube-controller-manager-article3-performance-control-plane/kube-controller-manager] I0712 14:47:08.197053       1 resource_quota_monitor.go:228] "QuotaMonitor created object count evaluator" logger="resourcequota-controller" resource="roles.rbac.authorization.k8s.io"
[pod/kube-controller-manager-article3-performance-control-plane/kube-controller-manager] I0712 14:47:08.197098       1 resource_quota_monitor.go:228] "QuotaMonitor created object count evaluator" logger="resourcequota-controller" resource="resourceclaimtemplates.resource.k8s.io"
[pod/kube-controller-manager-article3-performance-control-plane/kube-controller-manager] I0712 14:47:08.197333       1 resource_quota_monitor.go:228] "QuotaMonitor created object count evaluator" logger="resourcequota-controller" resource="replicasets.apps"
[pod/kube-controller-manager-article3-performance-control-plane/kube-controller-manager] I0712 14:47:08.197426       1 resource_quota_monitor.go:228] "QuotaMonitor created object count evaluator" logger="resourcequota-controller" resource="ingresses.networking.k8s.io"
[pod/kube-controller-manager-article3-performance-control-plane/kube-controller-manager] I0712 14:47:08.197463       1 resource_quota_monitor.go:228] "QuotaMonitor created object count evaluator" logger="resourcequota-controller" resource="serviceaccounts"
[pod/kube-controller-manager-article3-performance-control-plane/kube-controller-manager] I0712 14:47:08.197487       1 resource_quota_monitor.go:228] "QuotaMonitor created object count evaluator" logger="resourcequota-controller" resource="statefulsets.apps"
[pod/kube-controller-manager-article3-performance-control-plane/kube-controller-manager] I0712 14:47:08.197518       1 resource_quota_monitor.go:228] "QuotaMonitor created object count evaluator" logger="resourcequota-controller" resource="networkpolicies.networking.k8s.io"
[pod/kube-controller-manager-article3-performance-control-plane/kube-controller-manager] I0712 14:47:08.197537       1 resource_quota_monitor.go:228] "QuotaMonitor created object count evaluator" logger="resourcequota-controller" resource="controllerrevisions.apps"
[pod/kube-controller-manager-article3-performance-control-plane/kube-controller-manager] I0712 14:47:08.197565       1 resource_quota_monitor.go:228] "QuotaMonitor created object count evaluator" logger="resourcequota-controller" resource="endpoints"
[pod/kube-controller-manager-article3-performance-control-plane/kube-controller-manager] I0712 14:47:08.492418       1 certificate_controller.go:120] "Starting certificate controller" name="csrsigning-legacy-unknown"
[pod/kube-controller-manager-article3-performance-control-plane/kube-controller-manager] I0712 14:47:08.492449       1 shared_informer.go:370] "Waiting for caches to sync"
[pod/kube-controller-manager-article3-performance-control-plane/kube-controller-manager] I0712 14:47:08.492634       1 endpoints_controller.go:193] "Starting endpoint controller"
[pod/kube-controller-manager-article3-performance-control-plane/kube-controller-manager] I0712 14:47:08.492660       1 shared_informer.go:370] "Waiting for caches to sync"
[pod/kube-controller-manager-article3-performance-control-plane/kube-controller-manager] I0712 14:47:08.492841       1 stateful_set.go:176] "Starting stateful set controller"
[pod/kube-controller-manager-article3-performance-control-plane/kube-controller-manager] I0712 14:47:08.492855       1 shared_informer.go:370] "Waiting for caches to sync"
[pod/kube-controller-manager-article3-performance-control-plane/kube-controller-manager] I0712 14:47:08.492882       1 controller.go:174] "Starting ephemeral volume controller"
[pod/kube-controller-manager-article3-performance-control-plane/kube-controller-manager] I0712 14:47:08.492901       1 shared_informer.go:370] "Waiting for caches to sync"
[pod/kube-controller-manager-article3-performance-control-plane/kube-controller-manager] I0712 14:47:08.492887       1 ttlafterfinished_controller.go:112] "Starting TTL after finished controller"
[pod/kube-controller-manager-article3-performance-control-plane/kube-controller-manager] I0712 14:47:08.492922       1 shared_informer.go:370] "Waiting for caches to sync"
[pod/kube-controller-manager-article3-performance-control-plane/kube-controller-manager] I0712 14:47:08.492946       1 certificate_controller.go:120] "Starting certificate controller" name="csrapproving"
[pod/kube-controller-manager-article3-performance-control-plane/kube-controller-manager] I0712 14:47:08.492953       1 shared_informer.go:370] "Waiting for caches to sync"
[pod/kube-controller-manager-article3-performance-control-plane/kube-controller-manager] I0712 14:47:08.492959       1 shared_informer.go:370] "Waiting for caches to sync"
[pod/kube-controller-manager-article3-performance-control-plane/kube-controller-manager] I0712 14:47:08.492969       1 expand_controller.go:328] "Starting expand controller"
[pod/kube-controller-manager-article3-performance-control-plane/kube-controller-manager] I0712 14:47:08.492974       1 shared_informer.go:370] "Waiting for caches to sync"
[pod/kube-controller-manager-article3-performance-control-plane/kube-controller-manager] I0712 14:47:08.493005       1 legacy_serviceaccount_token_cleaner.go:103] "Starting legacy service account token cleaner controller"
[pod/kube-controller-manager-article3-performance-control-plane/kube-controller-manager] I0712 14:47:08.493013       1 shared_informer.go:370] "Waiting for caches to sync"
[pod/kube-controller-manager-article3-performance-control-plane/kube-controller-manager] I0712 14:47:08.493028       1 cleaner.go:83] "Starting CSR cleaner controller"
[pod/kube-controller-manager-article3-performance-control-plane/kube-controller-manager] I0712 14:47:08.493049       1 servicecidrs_controller.go:136] "Starting" controller="service-cidr-controller"
[pod/kube-controller-manager-article3-performance-control-plane/kube-controller-manager] I0712 14:47:08.493066       1 shared_informer.go:370] "Waiting for caches to sync"
[pod/kube-controller-manager-article3-performance-control-plane/kube-controller-manager] I0712 14:47:08.493071       1 tokencleaner.go:117] "Starting token cleaner controller"
[pod/kube-controller-manager-article3-performance-control-plane/kube-controller-manager] I0712 14:47:08.493085       1 shared_informer.go:370] "Waiting for caches to sync"
[pod/kube-controller-manager-article3-performance-control-plane/kube-controller-manager] I0712 14:47:08.493113       1 ttl_controller.go:127] "Starting TTL controller"
[pod/kube-controller-manager-article3-performance-control-plane/kube-controller-manager] I0712 14:47:08.493121       1 shared_informer.go:370] "Waiting for caches to sync"
[pod/kube-controller-manager-article3-performance-control-plane/kube-controller-manager] I0712 14:47:08.492660       1 shared_informer.go:370] "Waiting for caches to sync"
[pod/kube-controller-manager-article3-performance-control-plane/kube-controller-manager] I0712 14:47:08.493308       1 node_lifecycle_controller.go:453] "Sending events to api server"
[pod/kube-controller-manager-article3-performance-control-plane/kube-controller-manager] I0712 14:47:08.493376       1 node_lifecycle_controller.go:460] "Starting node controller"
[pod/kube-controller-manager-article3-performance-control-plane/kube-controller-manager] I0712 14:47:08.493383       1 shared_informer.go:370] "Waiting for caches to sync"
[pod/kube-controller-manager-article3-performance-control-plane/kube-controller-manager] I0712 14:47:08.494868       1 disruption.go:458] "Sending events to api server."
[pod/kube-controller-manager-article3-performance-control-plane/kube-controller-manager] I0712 14:47:08.495937       1 gc_controller.go:98] "Starting GC controller"
[pod/kube-controller-manager-article3-performance-control-plane/kube-controller-manager] I0712 14:47:08.495959       1 shared_informer.go:370] "Waiting for caches to sync"
[pod/kube-controller-manager-article3-performance-control-plane/kube-controller-manager] I0712 14:47:08.496942       1 daemon_controller.go:309] "Starting daemon sets controller"
[pod/kube-controller-manager-article3-performance-control-plane/kube-controller-manager] I0712 14:47:08.496976       1 shared_informer.go:370] "Waiting for caches to sync"
[pod/kube-controller-manager-article3-performance-control-plane/kube-controller-manager] I0712 14:47:08.497996       1 node_ipam_controller.go:142] "Starting ipam controller"
[pod/kube-controller-manager-article3-performance-control-plane/kube-controller-manager] I0712 14:47:08.498064       1 shared_informer.go:370] "Waiting for caches to sync"
[pod/kube-controller-manager-article3-performance-control-plane/kube-controller-manager] I0712 14:47:08.498213       1 pvc_protection_controller.go:166] "Starting PVC protection controller"
[pod/kube-controller-manager-article3-performance-control-plane/kube-controller-manager] I0712 14:47:08.498230       1 shared_informer.go:370] "Waiting for caches to sync"
[pod/kube-controller-manager-article3-performance-control-plane/kube-controller-manager] I0712 14:47:08.498454       1 vac_protection_controller.go:206] "Starting VAC protection controller"
[pod/kube-controller-manager-article3-performance-control-plane/kube-controller-manager] I0712 14:47:08.498484       1 shared_informer.go:370] "Waiting for caches to sync"
[pod/kube-controller-manager-article3-performance-control-plane/kube-controller-manager] I0712 14:47:08.498722       1 publisher.go:107] "Starting root CA cert publisher controller"
[pod/kube-controller-manager-article3-performance-control-plane/kube-controller-manager] I0712 14:47:08.498747       1 shared_informer.go:370] "Waiting for caches to sync"
[pod/kube-controller-manager-article3-performance-control-plane/kube-controller-manager] I0712 14:47:08.499170       1 namespace_controller.go:202] "Starting namespace controller"
[pod/kube-controller-manager-article3-performance-control-plane/kube-controller-manager] I0712 14:47:08.499341       1 shared_informer.go:370] "Waiting for caches to sync"
[pod/kube-controller-manager-article3-performance-control-plane/kube-controller-manager] I0712 14:47:08.499481       1 disruption.go:465] "Starting disruption controller"
[pod/kube-controller-manager-article3-performance-control-plane/kube-controller-manager] I0712 14:47:08.499572       1 shared_informer.go:370] "Waiting for caches to sync"
[pod/kube-controller-manager-article3-performance-control-plane/kube-controller-manager] I0712 14:47:08.499613       1 dynamic_serving_content.go:135] "Starting controller" name="csr-controller::/etc/kubernetes/pki/ca.crt::/etc/kubernetes/pki/ca.key"
[pod/kube-controller-manager-article3-performance-control-plane/kube-controller-manager] I0712 14:47:08.499269       1 garbagecollector.go:141] "Starting controller" controller="garbagecollector"
[pod/kube-controller-manager-article3-performance-control-plane/kube-controller-manager] I0712 14:47:08.499787       1 certificate_controller.go:120] "Starting certificate controller" name="csrsigning-kubelet-client"
[pod/kube-controller-manager-article3-performance-control-plane/kube-controller-manager] I0712 14:47:08.503771       1 shared_informer.go:370] "Waiting for caches to sync"
[pod/kube-controller-manager-article3-performance-control-plane/kube-controller-manager] I0712 14:47:08.492845       1 pv_controller_base.go:307] "Starting persistent volume controller"
[pod/kube-controller-manager-article3-performance-control-plane/kube-controller-manager] I0712 14:47:08.503871       1 shared_informer.go:370] "Waiting for caches to sync"
[pod/kube-controller-manager-article3-performance-control-plane/kube-controller-manager] I0712 14:47:08.499832       1 shared_informer.go:370] "Waiting for caches to sync"
[pod/kube-controller-manager-article3-performance-control-plane/kube-controller-manager] I0712 14:47:08.500578       1 cronjob_controllerv2.go:143] "Starting cronjob controller v2"
[pod/kube-controller-manager-article3-performance-control-plane/kube-controller-manager] I0712 14:47:08.503965       1 shared_informer.go:370] "Waiting for caches to sync"
[pod/kube-controller-manager-article3-performance-control-plane/kube-controller-manager] I0712 14:47:08.500583       1 deployment_controller.go:172] "Starting controller" controller="deployment"
[pod/kube-controller-manager-article3-performance-control-plane/kube-controller-manager] I0712 14:47:08.503985       1 shared_informer.go:370] "Waiting for caches to sync"
[pod/kube-controller-manager-article3-performance-control-plane/kube-controller-manager] I0712 14:47:08.500686       1 certificate_controller.go:120] "Starting certificate controller" name="csrsigning-kube-apiserver-client"
[pod/kube-controller-manager-article3-performance-control-plane/kube-controller-manager] I0712 14:47:08.504001       1 shared_informer.go:370] "Waiting for caches to sync"
[pod/kube-controller-manager-article3-performance-control-plane/kube-controller-manager] I0712 14:47:08.501322       1 certificate_controller.go:120] "Starting certificate controller" name="csrsigning-kubelet-serving"
[pod/kube-controller-manager-article3-performance-control-plane/kube-controller-manager] I0712 14:47:08.504231       1 shared_informer.go:370] "Waiting for caches to sync"
[pod/kube-controller-manager-article3-performance-control-plane/kube-controller-manager] I0712 14:47:08.501333       1 shared_informer.go:370] "Waiting for caches to sync"
[pod/kube-controller-manager-article3-performance-control-plane/kube-controller-manager] I0712 14:47:08.501442       1 dynamic_serving_content.go:135] "Starting controller" name="csr-controller::/etc/kubernetes/pki/ca.crt::/etc/kubernetes/pki/ca.key"
[pod/kube-controller-manager-article3-performance-control-plane/kube-controller-manager] I0712 14:47:08.501464       1 pv_protection_controller.go:81] "Starting PV protection controller"
[pod/kube-controller-manager-article3-performance-control-plane/kube-controller-manager] I0712 14:47:08.504400       1 shared_informer.go:370] "Waiting for caches to sync"
[pod/kube-controller-manager-article3-performance-control-plane/kube-controller-manager] I0712 14:47:08.501732       1 attach_detach_controller.go:335] "Starting attach detach controller"
[pod/kube-controller-manager-article3-performance-control-plane/kube-controller-manager] I0712 14:47:08.504551       1 shared_informer.go:370] "Waiting for caches to sync"
[pod/kube-controller-manager-article3-performance-control-plane/kube-controller-manager] I0712 14:47:08.501855       1 job_controller.go:254] "Starting job controller"
[pod/kube-controller-manager-article3-performance-control-plane/kube-controller-manager] I0712 14:47:08.504793       1 shared_informer.go:370] "Waiting for caches to sync"
[pod/kube-controller-manager-article3-performance-control-plane/kube-controller-manager] I0712 14:47:08.502325       1 controller.go:423] "Starting resource claim controller"
[pod/kube-controller-manager-article3-performance-control-plane/kube-controller-manager] I0712 14:47:08.506205       1 shared_informer.go:370] "Waiting for caches to sync"
[pod/kube-controller-manager-article3-performance-control-plane/kube-controller-manager] I0712 14:47:08.503453       1 resource_quota_controller.go:297] "Starting resource quota controller"
[pod/kube-controller-manager-article3-performance-control-plane/kube-controller-manager] I0712 14:47:08.506730       1 shared_informer.go:370] "Waiting for caches to sync"
[pod/kube-controller-manager-article3-performance-control-plane/kube-controller-manager] I0712 14:47:08.501082       1 dynamic_serving_content.go:135] "Starting controller" name="csr-controller::/etc/kubernetes/pki/ca.crt::/etc/kubernetes/pki/ca.key"
[pod/kube-controller-manager-article3-performance-control-plane/kube-controller-manager] I0712 14:47:08.501114       1 dynamic_serving_content.go:135] "Starting controller" name="csr-controller::/etc/kubernetes/pki/ca.crt::/etc/kubernetes/pki/ca.key"
[pod/kube-controller-manager-article3-performance-control-plane/kube-controller-manager] I0712 14:47:08.501194       1 horizontal.go:204] "Starting HPA controller"
[pod/kube-controller-manager-article3-performance-control-plane/kube-controller-manager] I0712 14:47:08.507483       1 shared_informer.go:370] "Waiting for caches to sync"
[pod/kube-controller-manager-article3-performance-control-plane/kube-controller-manager] I0712 14:47:08.506103       1 endpointslicemirroring_controller.go:226] "Starting EndpointSliceMirroring controller"
[pod/kube-controller-manager-article3-performance-control-plane/kube-controller-manager] I0712 14:47:08.507709       1 shared_informer.go:370] "Waiting for caches to sync"
[pod/kube-controller-manager-article3-performance-control-plane/kube-controller-manager] I0712 14:47:08.502345       1 graph_builder.go:385] "Running" component="GraphBuilder"
[pod/kube-controller-manager-article3-performance-control-plane/kube-controller-manager] I0712 14:47:08.502975       1 replica_set.go:241] "Starting controller" name="replicationcontroller"
[pod/kube-controller-manager-article3-performance-control-plane/kube-controller-manager] I0712 14:47:08.508084       1 shared_informer.go:370] "Waiting for caches to sync"
[pod/kube-controller-manager-article3-performance-control-plane/kube-controller-manager] I0712 14:47:08.503419       1 taint_eviction.go:283] "Starting" controller="taint-eviction-controller"
[pod/kube-controller-manager-article3-performance-control-plane/kube-controller-manager] I0712 14:47:08.503377       1 serviceaccounts_controller.go:117] "Starting service account controller"
[pod/kube-controller-manager-article3-performance-control-plane/kube-controller-manager] I0712 14:47:08.508421       1 shared_informer.go:370] "Waiting for caches to sync"
[pod/kube-controller-manager-article3-performance-control-plane/kube-controller-manager] I0712 14:47:08.501012       1 replica_set.go:241] "Starting controller" name="replicaset"
[pod/kube-controller-manager-article3-performance-control-plane/kube-controller-manager] I0712 14:47:08.508595       1 shared_informer.go:370] "Waiting for caches to sync"
[pod/kube-controller-manager-article3-performance-control-plane/kube-controller-manager] I0712 14:47:08.508421       1 endpointslice_controller.go:283] "Starting endpoint slice controller"
[pod/kube-controller-manager-article3-performance-control-plane/kube-controller-manager] I0712 14:47:08.508631       1 shared_informer.go:370] "Waiting for caches to sync"
[pod/kube-controller-manager-article3-performance-control-plane/kube-controller-manager] I0712 14:47:08.500851       1 clusterroleaggregation_controller.go:194] "Starting ClusterRoleAggregator controller"
[pod/kube-controller-manager-article3-performance-control-plane/kube-controller-manager] I0712 14:47:08.508720       1 shared_informer.go:370] "Waiting for caches to sync"
[pod/kube-controller-manager-article3-performance-control-plane/kube-controller-manager] I0712 14:47:08.510355       1 taint_eviction.go:288] "Sending events to API server"
[pod/kube-controller-manager-article3-performance-control-plane/kube-controller-manager] I0712 14:47:08.510412       1 shared_informer.go:370] "Waiting for caches to sync"
[pod/kube-controller-manager-article3-performance-control-plane/kube-controller-manager] I0712 14:47:08.511796       1 resource_quota_monitor.go:308] "QuotaMonitor running"
[pod/kube-controller-manager-article3-performance-control-plane/kube-controller-manager] I0712 14:47:08.516093       1 shared_informer.go:370] "Waiting for caches to sync"
[pod/kube-controller-manager-article3-performance-control-plane/kube-controller-manager] I0712 14:47:08.523810       1 actual_state_of_world.go:541] "Failed to update statusUpdateNeeded field in actual state of world" logger="persistentvolume-attach-detach-controller" err="Failed to set statusUpdateNeeded to needed true, because nodeName=\"article3-performance-control-plane\" does not exist"
[pod/kube-controller-manager-article3-performance-control-plane/kube-controller-manager] I0712 14:47:08.593004       1 shared_informer.go:377] "Caches are synced"
[pod/kube-controller-manager-article3-performance-control-plane/kube-controller-manager] I0712 14:47:08.593046       1 shared_informer.go:377] "Caches are synced"
[pod/kube-controller-manager-article3-performance-control-plane/kube-controller-manager] I0712 14:47:08.593154       1 shared_informer.go:377] "Caches are synced"
[pod/kube-controller-manager-article3-performance-control-plane/kube-controller-manager] I0712 14:47:08.593271       1 shared_informer.go:377] "Caches are synced"
[pod/kube-controller-manager-article3-performance-control-plane/kube-controller-manager] I0712 14:47:08.593411       1 shared_informer.go:377] "Caches are synced"
[pod/kube-controller-manager-article3-performance-control-plane/kube-controller-manager] I0712 14:47:08.593411       1 shared_informer.go:377] "Caches are synced"
[pod/kube-controller-manager-article3-performance-control-plane/kube-controller-manager] I0712 14:47:08.593483       1 shared_informer.go:377] "Caches are synced"
[pod/kube-controller-manager-article3-performance-control-plane/kube-controller-manager] I0712 14:47:08.593506       1 shared_informer.go:377] "Caches are synced"
[pod/kube-controller-manager-article3-performance-control-plane/kube-controller-manager] I0712 14:47:08.593429       1 shared_informer.go:377] "Caches are synced"
[pod/kube-controller-manager-article3-performance-control-plane/kube-controller-manager] I0712 14:47:08.593024       1 shared_informer.go:377] "Caches are synced"
[pod/kube-controller-manager-article3-performance-control-plane/kube-controller-manager] I0712 14:47:08.593440       1 shared_informer.go:377] "Caches are synced"
[pod/kube-controller-manager-article3-performance-control-plane/kube-controller-manager] I0712 14:47:08.593444       1 shared_informer.go:377] "Caches are synced"
[pod/kube-controller-manager-article3-performance-control-plane/kube-controller-manager] I0712 14:47:08.593484       1 shared_informer.go:377] "Caches are synced"
[pod/kube-controller-manager-article3-performance-control-plane/kube-controller-manager] I0712 14:47:08.593447       1 shared_informer.go:377] "Caches are synced"
[pod/kube-controller-manager-article3-performance-control-plane/kube-controller-manager] I0712 14:47:08.593803       1 node_lifecycle_controller.go:1234] "Initializing eviction metric for zone" zone=""
[pod/kube-controller-manager-article3-performance-control-plane/kube-controller-manager] I0712 14:47:08.594338       1 node_lifecycle_controller.go:886] "Missing timestamp for Node. Assuming now as a timestamp" node="article3-performance-control-plane"
[pod/kube-controller-manager-article3-performance-control-plane/kube-controller-manager] I0712 14:47:08.594430       1 node_lifecycle_controller.go:1038] "Controller detected that all Nodes are not-Ready. Entering master disruption mode"
[pod/kube-controller-manager-article3-performance-control-plane/kube-controller-manager] I0712 14:47:08.596303       1 shared_informer.go:377] "Caches are synced"
[pod/kube-controller-manager-article3-performance-control-plane/kube-controller-manager] I0712 14:47:08.597910       1 shared_informer.go:377] "Caches are synced"
[pod/kube-controller-manager-article3-performance-control-plane/kube-controller-manager] I0712 14:47:08.598151       1 shared_informer.go:377] "Caches are synced"
[pod/kube-controller-manager-article3-performance-control-plane/kube-controller-manager] I0712 14:47:08.598260       1 range_allocator.go:177] "Sending events to api server"
[pod/kube-controller-manager-article3-performance-control-plane/kube-controller-manager] I0712 14:47:08.598356       1 range_allocator.go:181] "Starting range CIDR allocator"
[pod/kube-controller-manager-article3-performance-control-plane/kube-controller-manager] I0712 14:47:08.598414       1 shared_informer.go:370] "Waiting for caches to sync"
[pod/kube-controller-manager-article3-performance-control-plane/kube-controller-manager] I0712 14:47:08.598424       1 shared_informer.go:377] "Caches are synced"
[pod/kube-controller-manager-article3-performance-control-plane/kube-controller-manager] I0712 14:47:08.598426       1 shared_informer.go:377] "Caches are synced"
[pod/kube-controller-manager-article3-performance-control-plane/kube-controller-manager] I0712 14:47:08.599163       1 shared_informer.go:377] "Caches are synced"
[pod/kube-controller-manager-article3-performance-control-plane/kube-controller-manager] I0712 14:47:08.599187       1 shared_informer.go:377] "Caches are synced"
[pod/kube-controller-manager-article3-performance-control-plane/kube-controller-manager] I0712 14:47:08.599830       1 shared_informer.go:377] "Caches are synced"
[pod/kube-controller-manager-article3-performance-control-plane/kube-controller-manager] I0712 14:47:08.602789       1 shared_informer.go:377] "Caches are synced"
[pod/kube-controller-manager-article3-performance-control-plane/kube-controller-manager] I0712 14:47:08.604012       1 shared_informer.go:377] "Caches are synced"
[pod/kube-controller-manager-article3-performance-control-plane/kube-controller-manager] I0712 14:47:08.604132       1 shared_informer.go:377] "Caches are synced"
[pod/kube-controller-manager-article3-performance-control-plane/kube-controller-manager] I0712 14:47:08.605005       1 shared_informer.go:377] "Caches are synced"
[pod/kube-controller-manager-article3-performance-control-plane/kube-controller-manager] I0712 14:47:08.605952       1 shared_informer.go:377] "Caches are synced"
[pod/kube-controller-manager-article3-performance-control-plane/kube-controller-manager] I0712 14:47:08.606138       1 shared_informer.go:377] "Caches are synced"
[pod/kube-controller-manager-article3-performance-control-plane/kube-controller-manager] I0712 14:47:08.606335       1 shared_informer.go:377] "Caches are synced"
[pod/kube-controller-manager-article3-performance-control-plane/kube-controller-manager] I0712 14:47:08.606431       1 shared_informer.go:377] "Caches are synced"
[pod/kube-controller-manager-article3-performance-control-plane/kube-controller-manager] I0712 14:47:08.606340       1 shared_informer.go:377] "Caches are synced"
[pod/kube-controller-manager-article3-performance-control-plane/kube-controller-manager] I0712 14:47:08.608272       1 shared_informer.go:377] "Caches are synced"
[pod/kube-controller-manager-article3-performance-control-plane/kube-controller-manager] I0712 14:47:08.608350       1 shared_informer.go:377] "Caches are synced"
[pod/kube-controller-manager-article3-performance-control-plane/kube-controller-manager] I0712 14:47:08.608363       1 shared_informer.go:377] "Caches are synced"
[pod/kube-controller-manager-article3-performance-control-plane/kube-controller-manager] I0712 14:47:08.608467       1 shared_informer.go:377] "Caches are synced"
[pod/kube-controller-manager-article3-performance-control-plane/kube-controller-manager] I0712 14:47:08.608538       1 shared_informer.go:377] "Caches are synced"
[pod/kube-controller-manager-article3-performance-control-plane/kube-controller-manager] I0712 14:47:08.608564       1 shared_informer.go:377] "Caches are synced"
[pod/kube-controller-manager-article3-performance-control-plane/kube-controller-manager] I0712 14:47:08.610548       1 shared_informer.go:377] "Caches are synced"
[pod/kube-controller-manager-article3-performance-control-plane/kube-controller-manager] I0712 14:47:08.612075       1 shared_informer.go:370] "Waiting for caches to sync"
[pod/kube-controller-manager-article3-performance-control-plane/kube-controller-manager] I0712 14:47:08.613835       1 shared_informer.go:377] "Caches are synced"
[pod/kube-controller-manager-article3-performance-control-plane/kube-controller-manager] I0712 14:47:08.613978       1 shared_informer.go:377] "Caches are synced"
[pod/kube-controller-manager-article3-performance-control-plane/kube-controller-manager] I0712 14:47:08.614800       1 shared_informer.go:377] "Caches are synced"
[pod/kube-controller-manager-article3-performance-control-plane/kube-controller-manager] I0712 14:47:08.614903       1 shared_informer.go:377] "Caches are synced"
[pod/kube-controller-manager-article3-performance-control-plane/kube-controller-manager] I0712 14:47:08.615443       1 range_allocator.go:433] "Set node PodCIDR" node="article3-performance-control-plane" podCIDRs=["192.168.0.0/24"]
[pod/kube-controller-manager-article3-performance-control-plane/kube-controller-manager] I0712 14:47:08.616447       1 shared_informer.go:377] "Caches are synced"
[pod/kube-controller-manager-article3-performance-control-plane/kube-controller-manager] I0712 14:47:08.616490       1 shared_informer.go:377] "Caches are synced"
[pod/kube-controller-manager-article3-performance-control-plane/kube-controller-manager] I0712 14:47:08.704851       1 shared_informer.go:377] "Caches are synced"
[pod/kube-controller-manager-article3-performance-control-plane/kube-controller-manager] I0712 14:47:08.704920       1 garbagecollector.go:166] "Garbage collector: all resource monitors have synced"
[pod/kube-controller-manager-article3-performance-control-plane/kube-controller-manager] I0712 14:47:08.704931       1 garbagecollector.go:169] "Proceeding to collect garbage"
[pod/kube-controller-manager-article3-performance-control-plane/kube-controller-manager] I0712 14:47:08.713742       1 shared_informer.go:377] "Caches are synced"
[pod/kube-controller-manager-article3-performance-control-plane/kube-controller-manager] I0712 14:47:13.283104       1 actual_state_of_world.go:541] "Failed to update statusUpdateNeeded field in actual state of world" logger="persistentvolume-attach-detach-controller" err="Failed to set statusUpdateNeeded to needed true, because nodeName=\"article3-performance-worker3\" does not exist"
[pod/kube-controller-manager-article3-performance-control-plane/kube-controller-manager] I0712 14:47:13.329367       1 range_allocator.go:433] "Set node PodCIDR" node="article3-performance-worker3" podCIDRs=["192.168.1.0/24"]
[pod/kube-controller-manager-article3-performance-control-plane/kube-controller-manager] I0712 14:47:13.390148       1 actual_state_of_world.go:541] "Failed to update statusUpdateNeeded field in actual state of world" logger="persistentvolume-attach-detach-controller" err="Failed to set statusUpdateNeeded to needed true, because nodeName=\"article3-performance-worker2\" does not exist"
[pod/kube-controller-manager-article3-performance-control-plane/kube-controller-manager] I0712 14:47:13.406856       1 range_allocator.go:433] "Set node PodCIDR" node="article3-performance-worker2" podCIDRs=["192.168.2.0/24"]
[pod/kube-controller-manager-article3-performance-control-plane/kube-controller-manager] I0712 14:47:13.441580       1 actual_state_of_world.go:541] "Failed to update statusUpdateNeeded field in actual state of world" logger="persistentvolume-attach-detach-controller" err="Failed to set statusUpdateNeeded to needed true, because nodeName=\"article3-performance-worker\" does not exist"
[pod/kube-controller-manager-article3-performance-control-plane/kube-controller-manager] I0712 14:47:13.460228       1 range_allocator.go:433] "Set node PodCIDR" node="article3-performance-worker" podCIDRs=["192.168.3.0/24"]
[pod/kube-controller-manager-article3-performance-control-plane/kube-controller-manager] I0712 14:47:13.595573       1 node_lifecycle_controller.go:886] "Missing timestamp for Node. Assuming now as a timestamp" node="article3-performance-worker2"
[pod/kube-controller-manager-article3-performance-control-plane/kube-controller-manager] I0712 14:47:13.595610       1 node_lifecycle_controller.go:886] "Missing timestamp for Node. Assuming now as a timestamp" node="article3-performance-worker3"
[pod/kube-controller-manager-article3-performance-control-plane/kube-controller-manager] I0712 14:47:13.595780       1 node_lifecycle_controller.go:886] "Missing timestamp for Node. Assuming now as a timestamp" node="article3-performance-worker"
[pod/kube-controller-manager-article3-performance-control-plane/kube-controller-manager] I0712 14:55:39.645785       1 shared_informer.go:370] "Waiting for caches to sync"
[pod/kube-controller-manager-article3-performance-control-plane/kube-controller-manager] I0712 14:55:40.948387       1 shared_informer.go:377] "Caches are synced"
[pod/kube-controller-manager-article3-performance-control-plane/kube-controller-manager] I0712 14:55:53.933536       1 topologycache.go:237] "Can't get CPU or zone information for node" node="article3-performance-worker3"
[pod/kube-controller-manager-article3-performance-control-plane/kube-controller-manager] I0712 14:55:54.533540       1 node_lifecycle_controller.go:1057] "Controller detected that some Nodes are Ready. Exiting master disruption mode"
[pod/kube-controller-manager-article3-performance-control-plane/kube-controller-manager] I0712 14:55:55.053766       1 topologycache.go:237] "Can't get CPU or zone information for node" node="article3-performance-worker3"
[pod/kube-controller-manager-article3-performance-control-plane/kube-controller-manager] I0712 14:55:55.658887       1 topologycache.go:237] "Can't get CPU or zone information for node" node="article3-performance-worker3"
[pod/kube-controller-manager-article3-performance-control-plane/kube-controller-manager] I0712 14:55:55.942700       1 topologycache.go:237] "Can't get CPU or zone information for node" node="article3-performance-worker3"
[pod/kube-controller-manager-article3-performance-control-plane/kube-controller-manager] I0712 14:55:59.537527       1 node_lifecycle_controller.go:1080] "Controller detected that zone is now in new state" zone="" newState="Normal"
[pod/kube-controller-manager-article3-performance-control-plane/kube-controller-manager] I0712 14:56:00.359569       1 endpointslice_controller.go:361] "Error syncing endpoint slices for service, retrying" key="kube-system/kube-dns" err="EndpointSlice informer cache is out of date"
[pod/kube-controller-manager-article3-performance-control-plane/kube-controller-manager] I0712 14:56:09.564552       1 resource_quota_monitor.go:228] "QuotaMonitor created object count evaluator" resource="stagedkubernetesnetworkpolicies.crd.projectcalico.org"
[pod/kube-controller-manager-article3-performance-control-plane/kube-controller-manager] I0712 14:56:09.564774       1 resource_quota_monitor.go:228] "QuotaMonitor created object count evaluator" resource="stagednetworkpolicies.crd.projectcalico.org"
[pod/kube-controller-manager-article3-performance-control-plane/kube-controller-manager] I0712 14:56:09.564839       1 resource_quota_monitor.go:228] "QuotaMonitor created object count evaluator" resource="networksets.crd.projectcalico.org"
[pod/kube-controller-manager-article3-performance-control-plane/kube-controller-manager] I0712 14:56:09.564997       1 resource_quota_monitor.go:228] "QuotaMonitor created object count evaluator" resource="networkpolicies.crd.projectcalico.org"
[pod/kube-controller-manager-article3-performance-control-plane/kube-controller-manager] I0712 14:56:09.572805       1 shared_informer.go:370] "Waiting for caches to sync"
[pod/kube-controller-manager-article3-performance-control-plane/kube-controller-manager] I0712 14:56:09.673188       1 shared_informer.go:377] "Caches are synced"
[pod/kube-controller-manager-article3-performance-control-plane/kube-controller-manager] I0712 14:56:11.043192       1 shared_informer.go:370] "Waiting for caches to sync"
[pod/kube-controller-manager-article3-performance-control-plane/kube-controller-manager] I0712 14:56:11.145173       1 shared_informer.go:377] "Caches are synced"
