[pod/kube-controller-manager-article3-performance-control-plane/kube-controller-manager] I0712 14:42:20.486092       1 serving.go:386] Generated self-signed cert in-memory
[pod/kube-controller-manager-article3-performance-control-plane/kube-controller-manager] I0712 14:42:20.572779       1 controllermanager.go:189] "Starting" version="v1.35.0"
[pod/kube-controller-manager-article3-performance-control-plane/kube-controller-manager] I0712 14:42:20.572880       1 controllermanager.go:191] "Golang settings" GOGC="" GOMAXPROCS="" GOTRACEBACK=""
[pod/kube-controller-manager-article3-performance-control-plane/kube-controller-manager] I0712 14:42:20.583715       1 dynamic_cafile_content.go:161] "Starting controller" name="client-ca-bundle::/etc/kubernetes/pki/ca.crt"
[pod/kube-controller-manager-article3-performance-control-plane/kube-controller-manager] I0712 14:42:20.583849       1 secure_serving.go:211] Serving securely on 127.0.0.1:10257
[pod/kube-controller-manager-article3-performance-control-plane/kube-controller-manager] I0712 14:42:20.583969       1 dynamic_cafile_content.go:161] "Starting controller" name="request-header::/etc/kubernetes/pki/front-proxy-ca.crt"
[pod/kube-controller-manager-article3-performance-control-plane/kube-controller-manager] I0712 14:42:20.584493       1 tlsconfig.go:243] "Starting DynamicServingCertificateController"
[pod/kube-controller-manager-article3-performance-control-plane/kube-controller-manager] I0712 14:42:20.585415       1 leaderelection.go:258] "Attempting to acquire leader lease..." lock="kube-system/kube-controller-manager"
[pod/kube-controller-manager-article3-performance-control-plane/kube-controller-manager] I0712 14:42:39.217754       1 leaderelection.go:272] "Successfully acquired lease" lock="kube-system/kube-controller-manager"
[pod/kube-controller-manager-article3-performance-control-plane/kube-controller-manager] I0712 14:42:39.217733       1 event.go:389] "Event occurred" object="kube-system/kube-controller-manager" fieldPath="" kind="Lease" apiVersion="coordination.k8s.io/v1" type="Normal" reason="LeaderElection" message="article3-performance-control-plane_e43a88c1-f0d3-4499-b466-1bd34d8c1fe4 became leader"
[pod/kube-controller-manager-article3-performance-control-plane/kube-controller-manager] I0712 14:42:39.396592       1 controllermanager.go:579] "Warning: skipping controller" controller="storage-version-migrator-controller"
[pod/kube-controller-manager-article3-performance-control-plane/kube-controller-manager] I0712 14:42:39.434706       1 controller_descriptor.go:107] "Skipping a cloud provider controller" controller="node-route-controller"
[pod/kube-controller-manager-article3-performance-control-plane/kube-controller-manager] I0712 14:42:39.434811       1 controllermanager.go:579] "Warning: skipping controller" controller="node-route-controller"
[pod/kube-controller-manager-article3-performance-control-plane/kube-controller-manager] I0712 14:42:39.434832       1 controller_descriptor.go:107] "Skipping a cloud provider controller" controller="cloud-node-lifecycle-controller"
[pod/kube-controller-manager-article3-performance-control-plane/kube-controller-manager] I0712 14:42:39.434842       1 controllermanager.go:579] "Warning: skipping controller" controller="cloud-node-lifecycle-controller"
[pod/kube-controller-manager-article3-performance-control-plane/kube-controller-manager] I0712 14:42:39.434874       1 controller_descriptor.go:99] "Controller is disabled by a feature gate" controller="kube-apiserver-serving-clustertrustbundle-publisher-controller" requiredFeatureGates=["ClusterTrustBundle"]
[pod/kube-controller-manager-article3-performance-control-plane/kube-controller-manager] I0712 14:42:39.436992       1 controllermanager.go:579] "Warning: skipping controller" controller="kube-apiserver-serving-clustertrustbundle-publisher-controller"
[pod/kube-controller-manager-article3-performance-control-plane/kube-controller-manager] I0712 14:42:39.463244       1 controllermanager.go:627] "Warning: controller is disabled" controller="selinux-warning-controller"
[pod/kube-controller-manager-article3-performance-control-plane/kube-controller-manager] I0712 14:42:39.463422       1 controller_descriptor.go:107] "Skipping a cloud provider controller" controller="service-lb-controller"
[pod/kube-controller-manager-article3-performance-control-plane/kube-controller-manager] I0712 14:42:39.463474       1 controllermanager.go:579] "Warning: skipping controller" controller="service-lb-controller"
[pod/kube-controller-manager-article3-performance-control-plane/kube-controller-manager] I0712 14:42:39.688181       1 resource_quota_monitor.go:228] "QuotaMonitor created object count evaluator" logger="resourcequota-controller" resource="limitranges"
[pod/kube-controller-manager-article3-performance-control-plane/kube-controller-manager] I0712 14:42:39.688442       1 resource_quota_monitor.go:228] "QuotaMonitor created object count evaluator" logger="resourcequota-controller" resource="networkpolicies.networking.k8s.io"
[pod/kube-controller-manager-article3-performance-control-plane/kube-controller-manager] I0712 14:42:39.688553       1 resource_quota_monitor.go:228] "QuotaMonitor created object count evaluator" logger="resourcequota-controller" resource="serviceaccounts"
[pod/kube-controller-manager-article3-performance-control-plane/kube-controller-manager] I0712 14:42:39.688839       1 resource_quota_monitor.go:228] "QuotaMonitor created object count evaluator" logger="resourcequota-controller" resource="endpoints"
[pod/kube-controller-manager-article3-performance-control-plane/kube-controller-manager] I0712 14:42:39.688916       1 resource_quota_monitor.go:228] "QuotaMonitor created object count evaluator" logger="resourcequota-controller" resource="controllerrevisions.apps"
[pod/kube-controller-manager-article3-performance-control-plane/kube-controller-manager] I0712 14:42:39.689168       1 resource_quota_monitor.go:228] "QuotaMonitor created object count evaluator" logger="resourcequota-controller" resource="replicasets.apps"
[pod/kube-controller-manager-article3-performance-control-plane/kube-controller-manager] I0712 14:42:39.689230       1 resource_quota_monitor.go:228] "QuotaMonitor created object count evaluator" logger="resourcequota-controller" resource="daemonsets.apps"
[pod/kube-controller-manager-article3-performance-control-plane/kube-controller-manager] I0712 14:42:39.689266       1 resource_quota_monitor.go:228] "QuotaMonitor created object count evaluator" logger="resourcequota-controller" resource="cronjobs.batch"
[pod/kube-controller-manager-article3-performance-control-plane/kube-controller-manager] I0712 14:42:39.689301       1 resource_quota_monitor.go:228] "QuotaMonitor created object count evaluator" logger="resourcequota-controller" resource="leases.coordination.k8s.io"
[pod/kube-controller-manager-article3-performance-control-plane/kube-controller-manager] I0712 14:42:39.689370       1 resource_quota_monitor.go:228] "QuotaMonitor created object count evaluator" logger="resourcequota-controller" resource="horizontalpodautoscalers.autoscaling"
[pod/kube-controller-manager-article3-performance-control-plane/kube-controller-manager] I0712 14:42:39.689400       1 resource_quota_monitor.go:228] "QuotaMonitor created object count evaluator" logger="resourcequota-controller" resource="ingresses.networking.k8s.io"
[pod/kube-controller-manager-article3-performance-control-plane/kube-controller-manager] I0712 14:42:39.689486       1 resource_quota_monitor.go:228] "QuotaMonitor created object count evaluator" logger="resourcequota-controller" resource="roles.rbac.authorization.k8s.io"
[pod/kube-controller-manager-article3-performance-control-plane/kube-controller-manager] I0712 14:42:39.689526       1 resource_quota_monitor.go:228] "QuotaMonitor created object count evaluator" logger="resourcequota-controller" resource="endpointslices.discovery.k8s.io"
[pod/kube-controller-manager-article3-performance-control-plane/kube-controller-manager] I0712 14:42:39.689586       1 resource_quota_monitor.go:228] "QuotaMonitor created object count evaluator" logger="resourcequota-controller" resource="podtemplates"
[pod/kube-controller-manager-article3-performance-control-plane/kube-controller-manager] I0712 14:42:39.689692       1 resource_quota_monitor.go:228] "QuotaMonitor created object count evaluator" logger="resourcequota-controller" resource="poddisruptionbudgets.policy"
[pod/kube-controller-manager-article3-performance-control-plane/kube-controller-manager] I0712 14:42:39.689772       1 resource_quota_monitor.go:228] "QuotaMonitor created object count evaluator" logger="resourcequota-controller" resource="csistoragecapacities.storage.k8s.io"
[pod/kube-controller-manager-article3-performance-control-plane/kube-controller-manager] I0712 14:42:39.689827       1 resource_quota_monitor.go:228] "QuotaMonitor created object count evaluator" logger="resourcequota-controller" resource="resourceclaimtemplates.resource.k8s.io"
[pod/kube-controller-manager-article3-performance-control-plane/kube-controller-manager] I0712 14:42:39.689887       1 resource_quota_monitor.go:228] "QuotaMonitor created object count evaluator" logger="resourcequota-controller" resource="statefulsets.apps"
[pod/kube-controller-manager-article3-performance-control-plane/kube-controller-manager] I0712 14:42:39.689938       1 resource_quota_monitor.go:228] "QuotaMonitor created object count evaluator" logger="resourcequota-controller" resource="jobs.batch"
[pod/kube-controller-manager-article3-performance-control-plane/kube-controller-manager] I0712 14:42:39.690031       1 resource_quota_monitor.go:228] "QuotaMonitor created object count evaluator" logger="resourcequota-controller" resource="deployments.apps"
[pod/kube-controller-manager-article3-performance-control-plane/kube-controller-manager] I0712 14:42:39.690111       1 resource_quota_monitor.go:228] "QuotaMonitor created object count evaluator" logger="resourcequota-controller" resource="rolebindings.rbac.authorization.k8s.io"
[pod/kube-controller-manager-article3-performance-control-plane/kube-controller-manager] I0712 14:42:39.750481       1 controller_descriptor.go:99] "Controller is disabled by a feature gate" controller="podcertificaterequest-cleaner-controller" requiredFeatureGates=["PodCertificateRequest"]
[pod/kube-controller-manager-article3-performance-control-plane/kube-controller-manager] I0712 14:42:39.750540       1 controllermanager.go:579] "Warning: skipping controller" controller="podcertificaterequest-cleaner-controller"
[pod/kube-controller-manager-article3-performance-control-plane/kube-controller-manager] I0712 14:42:39.830635       1 controller_descriptor.go:99] "Controller is disabled by a feature gate" controller="storageversion-garbage-collector-controller" requiredFeatureGates=["APIServerIdentity","StorageVersionAPI"]
[pod/kube-controller-manager-article3-performance-control-plane/kube-controller-manager] I0712 14:42:39.830723       1 controllermanager.go:579] "Warning: skipping controller" controller="storageversion-garbage-collector-controller"
[pod/kube-controller-manager-article3-performance-control-plane/kube-controller-manager] I0712 14:42:39.830742       1 controller_descriptor.go:99] "Controller is disabled by a feature gate" controller="device-taint-eviction-controller" requiredFeatureGates=["DynamicResourceAllocation","DRADeviceTaints"]
[pod/kube-controller-manager-article3-performance-control-plane/kube-controller-manager] I0712 14:42:39.830763       1 controllermanager.go:579] "Warning: skipping controller" controller="device-taint-eviction-controller"
[pod/kube-controller-manager-article3-performance-control-plane/kube-controller-manager] I0712 14:42:40.173485       1 range_allocator.go:113] "No Secondary Service CIDR provided. Skipping filtering out secondary service addresses" logger="node-ipam-controller"
[pod/kube-controller-manager-article3-performance-control-plane/kube-controller-manager] I0712 14:42:40.188367       1 node_lifecycle_controller.go:419] "Controller will reconcile labels" logger="node-lifecycle-controller"
[pod/kube-controller-manager-article3-performance-control-plane/kube-controller-manager] I0712 14:42:40.462038       1 controller.go:174] "Starting ephemeral volume controller"
[pod/kube-controller-manager-article3-performance-control-plane/kube-controller-manager] I0712 14:42:40.470413       1 legacy_serviceaccount_token_cleaner.go:103] "Starting legacy service account token cleaner controller"
[pod/kube-controller-manager-article3-performance-control-plane/kube-controller-manager] I0712 14:42:40.472036       1 shared_informer.go:370] "Waiting for caches to sync"
[pod/kube-controller-manager-article3-performance-control-plane/kube-controller-manager] I0712 14:42:40.473489       1 replica_set.go:241] "Starting controller" name="replicaset"
[pod/kube-controller-manager-article3-performance-control-plane/kube-controller-manager] I0712 14:42:40.473619       1 shared_informer.go:370] "Waiting for caches to sync"
[pod/kube-controller-manager-article3-performance-control-plane/kube-controller-manager] I0712 14:42:40.472181       1 certificate_controller.go:120] "Starting certificate controller" name="csrsigning-legacy-unknown"
[pod/kube-controller-manager-article3-performance-control-plane/kube-controller-manager] I0712 14:42:40.473665       1 shared_informer.go:370] "Waiting for caches to sync"
[pod/kube-controller-manager-article3-performance-control-plane/kube-controller-manager] I0712 14:42:40.473823       1 shared_informer.go:370] "Waiting for caches to sync"
[pod/kube-controller-manager-article3-performance-control-plane/kube-controller-manager] I0712 14:42:40.475892       1 endpoints_controller.go:193] "Starting endpoint controller"
[pod/kube-controller-manager-article3-performance-control-plane/kube-controller-manager] I0712 14:42:40.475923       1 shared_informer.go:370] "Waiting for caches to sync"
[pod/kube-controller-manager-article3-performance-control-plane/kube-controller-manager] I0712 14:42:40.476061       1 shared_informer.go:370] "Waiting for caches to sync"
[pod/kube-controller-manager-article3-performance-control-plane/kube-controller-manager] I0712 14:42:40.476236       1 servicecidrs_controller.go:136] "Starting" controller="service-cidr-controller"
[pod/kube-controller-manager-article3-performance-control-plane/kube-controller-manager] I0712 14:42:40.476260       1 shared_informer.go:370] "Waiting for caches to sync"
[pod/kube-controller-manager-article3-performance-control-plane/kube-controller-manager] I0712 14:42:40.476348       1 gc_controller.go:98] "Starting GC controller"
[pod/kube-controller-manager-article3-performance-control-plane/kube-controller-manager] I0712 14:42:40.476361       1 shared_informer.go:370] "Waiting for caches to sync"
[pod/kube-controller-manager-article3-performance-control-plane/kube-controller-manager] I0712 14:42:40.476553       1 stateful_set.go:176] "Starting stateful set controller"
[pod/kube-controller-manager-article3-performance-control-plane/kube-controller-manager] I0712 14:42:40.476567       1 shared_informer.go:370] "Waiting for caches to sync"
[pod/kube-controller-manager-article3-performance-control-plane/kube-controller-manager] I0712 14:42:40.476860       1 cronjob_controllerv2.go:143] "Starting cronjob controller v2"
[pod/kube-controller-manager-article3-performance-control-plane/kube-controller-manager] I0712 14:42:40.476875       1 shared_informer.go:370] "Waiting for caches to sync"
[pod/kube-controller-manager-article3-performance-control-plane/kube-controller-manager] I0712 14:42:40.476939       1 certificate_controller.go:120] "Starting certificate controller" name="csrsigning-kubelet-serving"
[pod/kube-controller-manager-article3-performance-control-plane/kube-controller-manager] I0712 14:42:40.476949       1 shared_informer.go:370] "Waiting for caches to sync"
[pod/kube-controller-manager-article3-performance-control-plane/kube-controller-manager] I0712 14:42:40.477018       1 certificate_controller.go:120] "Starting certificate controller" name="csrsigning-kubelet-client"
[pod/kube-controller-manager-article3-performance-control-plane/kube-controller-manager] I0712 14:42:40.477025       1 shared_informer.go:370] "Waiting for caches to sync"
[pod/kube-controller-manager-article3-performance-control-plane/kube-controller-manager] I0712 14:42:40.477061       1 certificate_controller.go:120] "Starting certificate controller" name="csrsigning-kube-apiserver-client"
[pod/kube-controller-manager-article3-performance-control-plane/kube-controller-manager] I0712 14:42:40.477068       1 shared_informer.go:370] "Waiting for caches to sync"
[pod/kube-controller-manager-article3-performance-control-plane/kube-controller-manager] I0712 14:42:40.477892       1 shared_informer.go:370] "Waiting for caches to sync"
[pod/kube-controller-manager-article3-performance-control-plane/kube-controller-manager] I0712 14:42:40.478535       1 replica_set.go:241] "Starting controller" name="replicationcontroller"
[pod/kube-controller-manager-article3-performance-control-plane/kube-controller-manager] I0712 14:42:40.478561       1 shared_informer.go:370] "Waiting for caches to sync"
[pod/kube-controller-manager-article3-performance-control-plane/kube-controller-manager] I0712 14:42:40.478697       1 taint_eviction.go:283] "Starting" controller="taint-eviction-controller"
[pod/kube-controller-manager-article3-performance-control-plane/kube-controller-manager] I0712 14:42:40.478818       1 taint_eviction.go:288] "Sending events to API server"
[pod/kube-controller-manager-article3-performance-control-plane/kube-controller-manager] I0712 14:42:40.478831       1 shared_informer.go:370] "Waiting for caches to sync"
[pod/kube-controller-manager-article3-performance-control-plane/kube-controller-manager] I0712 14:42:40.478879       1 pv_controller_base.go:307] "Starting persistent volume controller"
[pod/kube-controller-manager-article3-performance-control-plane/kube-controller-manager] I0712 14:42:40.479588       1 shared_informer.go:370] "Waiting for caches to sync"
[pod/kube-controller-manager-article3-performance-control-plane/kube-controller-manager] I0712 14:42:40.479908       1 dynamic_serving_content.go:135] "Starting controller" name="csr-controller::/etc/kubernetes/pki/ca.crt::/etc/kubernetes/pki/ca.key"
[pod/kube-controller-manager-article3-performance-control-plane/kube-controller-manager] I0712 14:42:40.482129       1 endpointslice_controller.go:283] "Starting endpoint slice controller"
[pod/kube-controller-manager-article3-performance-control-plane/kube-controller-manager] I0712 14:42:40.482512       1 shared_informer.go:370] "Waiting for caches to sync"
[pod/kube-controller-manager-article3-performance-control-plane/kube-controller-manager] I0712 14:42:40.483009       1 endpointslicemirroring_controller.go:226] "Starting EndpointSliceMirroring controller"
[pod/kube-controller-manager-article3-performance-control-plane/kube-controller-manager] I0712 14:42:40.483034       1 shared_informer.go:370] "Waiting for caches to sync"
[pod/kube-controller-manager-article3-performance-control-plane/kube-controller-manager] I0712 14:42:40.483366       1 deployment_controller.go:172] "Starting controller" controller="deployment"
[pod/kube-controller-manager-article3-performance-control-plane/kube-controller-manager] I0712 14:42:40.483382       1 shared_informer.go:370] "Waiting for caches to sync"
[pod/kube-controller-manager-article3-performance-control-plane/kube-controller-manager] I0712 14:42:40.483891       1 cleaner.go:83] "Starting CSR cleaner controller"
[pod/kube-controller-manager-article3-performance-control-plane/kube-controller-manager] I0712 14:42:40.484228       1 dynamic_serving_content.go:135] "Starting controller" name="csr-controller::/etc/kubernetes/pki/ca.crt::/etc/kubernetes/pki/ca.key"
[pod/kube-controller-manager-article3-performance-control-plane/kube-controller-manager] I0712 14:42:40.484995       1 dynamic_serving_content.go:135] "Starting controller" name="csr-controller::/etc/kubernetes/pki/ca.crt::/etc/kubernetes/pki/ca.key"
[pod/kube-controller-manager-article3-performance-control-plane/kube-controller-manager] I0712 14:42:40.485331       1 dynamic_serving_content.go:135] "Starting controller" name="csr-controller::/etc/kubernetes/pki/ca.crt::/etc/kubernetes/pki/ca.key"
[pod/kube-controller-manager-article3-performance-control-plane/kube-controller-manager] I0712 14:42:40.485389       1 certificate_controller.go:120] "Starting certificate controller" name="csrapproving"
[pod/kube-controller-manager-article3-performance-control-plane/kube-controller-manager] I0712 14:42:40.485406       1 shared_informer.go:370] "Waiting for caches to sync"
[pod/kube-controller-manager-article3-performance-control-plane/kube-controller-manager] I0712 14:42:40.485559       1 pvc_protection_controller.go:166] "Starting PVC protection controller"
[pod/kube-controller-manager-article3-performance-control-plane/kube-controller-manager] I0712 14:42:40.485606       1 shared_informer.go:370] "Waiting for caches to sync"
[pod/kube-controller-manager-article3-performance-control-plane/kube-controller-manager] I0712 14:42:40.486703       1 serviceaccounts_controller.go:117] "Starting service account controller"
[pod/kube-controller-manager-article3-performance-control-plane/kube-controller-manager] I0712 14:42:40.487703       1 shared_informer.go:370] "Waiting for caches to sync"
[pod/kube-controller-manager-article3-performance-control-plane/kube-controller-manager] I0712 14:42:40.487924       1 job_controller.go:254] "Starting job controller"
[pod/kube-controller-manager-article3-performance-control-plane/kube-controller-manager] I0712 14:42:40.487953       1 shared_informer.go:370] "Waiting for caches to sync"
[pod/kube-controller-manager-article3-performance-control-plane/kube-controller-manager] I0712 14:42:40.487970       1 daemon_controller.go:309] "Starting daemon sets controller"
[pod/kube-controller-manager-article3-performance-control-plane/kube-controller-manager] I0712 14:42:40.487977       1 shared_informer.go:370] "Waiting for caches to sync"
[pod/kube-controller-manager-article3-performance-control-plane/kube-controller-manager] I0712 14:42:40.488899       1 shared_informer.go:370] "Waiting for caches to sync"
[pod/kube-controller-manager-article3-performance-control-plane/kube-controller-manager] I0712 14:42:40.486516       1 ttl_controller.go:127] "Starting TTL controller"
[pod/kube-controller-manager-article3-performance-control-plane/kube-controller-manager] I0712 14:42:40.489510       1 shared_informer.go:370] "Waiting for caches to sync"
[pod/kube-controller-manager-article3-performance-control-plane/kube-controller-manager] I0712 14:42:40.498401       1 garbagecollector.go:141] "Starting controller" controller="garbagecollector"
[pod/kube-controller-manager-article3-performance-control-plane/kube-controller-manager] I0712 14:42:40.498521       1 shared_informer.go:370] "Waiting for caches to sync"
[pod/kube-controller-manager-article3-performance-control-plane/kube-controller-manager] I0712 14:42:40.498691       1 graph_builder.go:385] "Running" component="GraphBuilder"
[pod/kube-controller-manager-article3-performance-control-plane/kube-controller-manager] I0712 14:42:40.502537       1 horizontal.go:204] "Starting HPA controller"
[pod/kube-controller-manager-article3-performance-control-plane/kube-controller-manager] I0712 14:42:40.502699       1 shared_informer.go:370] "Waiting for caches to sync"
[pod/kube-controller-manager-article3-performance-control-plane/kube-controller-manager] I0712 14:42:40.487482       1 tokencleaner.go:117] "Starting token cleaner controller"
[pod/kube-controller-manager-article3-performance-control-plane/kube-controller-manager] I0712 14:42:40.502731       1 shared_informer.go:370] "Waiting for caches to sync"
[pod/kube-controller-manager-article3-performance-control-plane/kube-controller-manager] I0712 14:42:40.487518       1 pv_protection_controller.go:81] "Starting PV protection controller"
[pod/kube-controller-manager-article3-performance-control-plane/kube-controller-manager] I0712 14:42:40.502747       1 shared_informer.go:370] "Waiting for caches to sync"
[pod/kube-controller-manager-article3-performance-control-plane/kube-controller-manager] I0712 14:42:40.503631       1 attach_detach_controller.go:335] "Starting attach detach controller"
[pod/kube-controller-manager-article3-performance-control-plane/kube-controller-manager] I0712 14:42:40.509368       1 shared_informer.go:370] "Waiting for caches to sync"
[pod/kube-controller-manager-article3-performance-control-plane/kube-controller-manager] I0712 14:42:40.507490       1 controller.go:423] "Starting resource claim controller"
[pod/kube-controller-manager-article3-performance-control-plane/kube-controller-manager] I0712 14:42:40.515563       1 shared_informer.go:370] "Waiting for caches to sync"
[pod/kube-controller-manager-article3-performance-control-plane/kube-controller-manager] I0712 14:42:40.507533       1 resource_quota_controller.go:297] "Starting resource quota controller"
[pod/kube-controller-manager-article3-performance-control-plane/kube-controller-manager] I0712 14:42:40.516071       1 shared_informer.go:370] "Waiting for caches to sync"
[pod/kube-controller-manager-article3-performance-control-plane/kube-controller-manager] I0712 14:42:40.487561       1 namespace_controller.go:202] "Starting namespace controller"
[pod/kube-controller-manager-article3-performance-control-plane/kube-controller-manager] I0712 14:42:40.516370       1 shared_informer.go:370] "Waiting for caches to sync"
[pod/kube-controller-manager-article3-performance-control-plane/kube-controller-manager] I0712 14:42:40.516424       1 disruption.go:458] "Sending events to api server."
[pod/kube-controller-manager-article3-performance-control-plane/kube-controller-manager] I0712 14:42:40.516585       1 disruption.go:465] "Starting disruption controller"
[pod/kube-controller-manager-article3-performance-control-plane/kube-controller-manager] I0712 14:42:40.516598       1 shared_informer.go:370] "Waiting for caches to sync"
[pod/kube-controller-manager-article3-performance-control-plane/kube-controller-manager] I0712 14:42:40.516684       1 resource_quota_monitor.go:308] "QuotaMonitor running"
[pod/kube-controller-manager-article3-performance-control-plane/kube-controller-manager] I0712 14:42:40.517398       1 clusterroleaggregation_controller.go:194] "Starting ClusterRoleAggregator controller"
[pod/kube-controller-manager-article3-performance-control-plane/kube-controller-manager] I0712 14:42:40.517436       1 shared_informer.go:370] "Waiting for caches to sync"
[pod/kube-controller-manager-article3-performance-control-plane/kube-controller-manager] I0712 14:42:40.517460       1 vac_protection_controller.go:206] "Starting VAC protection controller"
[pod/kube-controller-manager-article3-performance-control-plane/kube-controller-manager] I0712 14:42:40.517467       1 shared_informer.go:370] "Waiting for caches to sync"
[pod/kube-controller-manager-article3-performance-control-plane/kube-controller-manager] I0712 14:42:40.517491       1 expand_controller.go:328] "Starting expand controller"
[pod/kube-controller-manager-article3-performance-control-plane/kube-controller-manager] I0712 14:42:40.517505       1 shared_informer.go:370] "Waiting for caches to sync"
[pod/kube-controller-manager-article3-performance-control-plane/kube-controller-manager] I0712 14:42:40.517577       1 node_lifecycle_controller.go:453] "Sending events to api server"
[pod/kube-controller-manager-article3-performance-control-plane/kube-controller-manager] I0712 14:42:40.517667       1 node_lifecycle_controller.go:460] "Starting node controller"
[pod/kube-controller-manager-article3-performance-control-plane/kube-controller-manager] I0712 14:42:40.522889       1 shared_informer.go:370] "Waiting for caches to sync"
[pod/kube-controller-manager-article3-performance-control-plane/kube-controller-manager] I0712 14:42:40.518523       1 publisher.go:107] "Starting root CA cert publisher controller"
[pod/kube-controller-manager-article3-performance-control-plane/kube-controller-manager] I0712 14:42:40.482205       1 ttlafterfinished_controller.go:112] "Starting TTL after finished controller"
[pod/kube-controller-manager-article3-performance-control-plane/kube-controller-manager] I0712 14:42:40.522983       1 shared_informer.go:370] "Waiting for caches to sync"
[pod/kube-controller-manager-article3-performance-control-plane/kube-controller-manager] I0712 14:42:40.522969       1 shared_informer.go:370] "Waiting for caches to sync"
[pod/kube-controller-manager-article3-performance-control-plane/kube-controller-manager] I0712 14:42:40.536403       1 shared_informer.go:370] "Waiting for caches to sync"
[pod/kube-controller-manager-article3-performance-control-plane/kube-controller-manager] I0712 14:42:40.572399       1 node_ipam_controller.go:142] "Starting ipam controller"
[pod/kube-controller-manager-article3-performance-control-plane/kube-controller-manager] I0712 14:42:40.572442       1 shared_informer.go:370] "Waiting for caches to sync"
[pod/kube-controller-manager-article3-performance-control-plane/kube-controller-manager] I0712 14:42:40.730923       1 shared_informer.go:377] "Caches are synced"
[pod/kube-controller-manager-article3-performance-control-plane/kube-controller-manager] I0712 14:42:40.786974       1 shared_informer.go:377] "Caches are synced"
[pod/kube-controller-manager-article3-performance-control-plane/kube-controller-manager] I0712 14:42:40.880940       1 shared_informer.go:377] "Caches are synced"
[pod/kube-controller-manager-article3-performance-control-plane/kube-controller-manager] I0712 14:42:40.881240       1 shared_informer.go:377] "Caches are synced"
[pod/kube-controller-manager-article3-performance-control-plane/kube-controller-manager] I0712 14:42:40.884751       1 shared_informer.go:377] "Caches are synced"
[pod/kube-controller-manager-article3-performance-control-plane/kube-controller-manager] I0712 14:42:40.887016       1 shared_informer.go:377] "Caches are synced"
[pod/kube-controller-manager-article3-performance-control-plane/kube-controller-manager] I0712 14:42:40.887469       1 shared_informer.go:377] "Caches are synced"
[pod/kube-controller-manager-article3-performance-control-plane/kube-controller-manager] I0712 14:42:40.887543       1 shared_informer.go:377] "Caches are synced"
[pod/kube-controller-manager-article3-performance-control-plane/kube-controller-manager] I0712 14:42:40.887549       1 range_allocator.go:177] "Sending events to api server"
[pod/kube-controller-manager-article3-performance-control-plane/kube-controller-manager] I0712 14:42:40.887576       1 shared_informer.go:377] "Caches are synced"
[pod/kube-controller-manager-article3-performance-control-plane/kube-controller-manager] I0712 14:42:40.887722       1 range_allocator.go:181] "Starting range CIDR allocator"
[pod/kube-controller-manager-article3-performance-control-plane/kube-controller-manager] I0712 14:42:40.887736       1 shared_informer.go:370] "Waiting for caches to sync"
[pod/kube-controller-manager-article3-performance-control-plane/kube-controller-manager] I0712 14:42:40.887746       1 shared_informer.go:377] "Caches are synced"
[pod/kube-controller-manager-article3-performance-control-plane/kube-controller-manager] I0712 14:42:40.887749       1 shared_informer.go:377] "Caches are synced"
[pod/kube-controller-manager-article3-performance-control-plane/kube-controller-manager] I0712 14:42:40.887890       1 shared_informer.go:377] "Caches are synced"
[pod/kube-controller-manager-article3-performance-control-plane/kube-controller-manager] I0712 14:42:40.888043       1 shared_informer.go:377] "Caches are synced"
[pod/kube-controller-manager-article3-performance-control-plane/kube-controller-manager] I0712 14:42:40.883552       1 actual_state_of_world.go:541] "Failed to update statusUpdateNeeded field in actual state of world" logger="persistentvolume-attach-detach-controller" err="Failed to set statusUpdateNeeded to needed true, because nodeName=\"article3-performance-control-plane\" does not exist"
[pod/kube-controller-manager-article3-performance-control-plane/kube-controller-manager] I0712 14:42:40.888372       1 actual_state_of_world.go:541] "Failed to update statusUpdateNeeded field in actual state of world" logger="persistentvolume-attach-detach-controller" err="Failed to set statusUpdateNeeded to needed true, because nodeName=\"article3-performance-worker\" does not exist"
[pod/kube-controller-manager-article3-performance-control-plane/kube-controller-manager] I0712 14:42:40.888447       1 actual_state_of_world.go:541] "Failed to update statusUpdateNeeded field in actual state of world" logger="persistentvolume-attach-detach-controller" err="Failed to set statusUpdateNeeded to needed true, because nodeName=\"article3-performance-worker2\" does not exist"
[pod/kube-controller-manager-article3-performance-control-plane/kube-controller-manager] I0712 14:42:40.888472       1 actual_state_of_world.go:541] "Failed to update statusUpdateNeeded field in actual state of world" logger="persistentvolume-attach-detach-controller" err="Failed to set statusUpdateNeeded to needed true, because nodeName=\"article3-performance-worker3\" does not exist"
[pod/kube-controller-manager-article3-performance-control-plane/kube-controller-manager] I0712 14:42:40.951024       1 shared_informer.go:377] "Caches are synced"
[pod/kube-controller-manager-article3-performance-control-plane/kube-controller-manager] I0712 14:42:40.952789       1 shared_informer.go:377] "Caches are synced"
[pod/kube-controller-manager-article3-performance-control-plane/kube-controller-manager] I0712 14:42:40.952961       1 shared_informer.go:377] "Caches are synced"
[pod/kube-controller-manager-article3-performance-control-plane/kube-controller-manager] I0712 14:42:40.953452       1 shared_informer.go:377] "Caches are synced"
[pod/kube-controller-manager-article3-performance-control-plane/kube-controller-manager] I0712 14:42:40.954857       1 shared_informer.go:377] "Caches are synced"
[pod/kube-controller-manager-article3-performance-control-plane/kube-controller-manager] I0712 14:42:40.954898       1 shared_informer.go:377] "Caches are synced"
[pod/kube-controller-manager-article3-performance-control-plane/kube-controller-manager] I0712 14:42:40.959452       1 shared_informer.go:377] "Caches are synced"
[pod/kube-controller-manager-article3-performance-control-plane/kube-controller-manager] I0712 14:42:40.959598       1 shared_informer.go:377] "Caches are synced"
[pod/kube-controller-manager-article3-performance-control-plane/kube-controller-manager] I0712 14:42:40.972978       1 shared_informer.go:377] "Caches are synced"
[pod/kube-controller-manager-article3-performance-control-plane/kube-controller-manager] I0712 14:42:40.974292       1 shared_informer.go:377] "Caches are synced"
[pod/kube-controller-manager-article3-performance-control-plane/kube-controller-manager] I0712 14:42:40.979247       1 shared_informer.go:377] "Caches are synced"
[pod/kube-controller-manager-article3-performance-control-plane/kube-controller-manager] I0712 14:42:40.979405       1 shared_informer.go:377] "Caches are synced"
[pod/kube-controller-manager-article3-performance-control-plane/kube-controller-manager] I0712 14:42:40.979516       1 shared_informer.go:377] "Caches are synced"
[pod/kube-controller-manager-article3-performance-control-plane/kube-controller-manager] I0712 14:42:40.979823       1 shared_informer.go:377] "Caches are synced"
[pod/kube-controller-manager-article3-performance-control-plane/kube-controller-manager] I0712 14:42:40.980094       1 shared_informer.go:377] "Caches are synced"
[pod/kube-controller-manager-article3-performance-control-plane/kube-controller-manager] I0712 14:42:40.980789       1 shared_informer.go:377] "Caches are synced"
[pod/kube-controller-manager-article3-performance-control-plane/kube-controller-manager] I0712 14:42:40.983279       1 shared_informer.go:377] "Caches are synced"
[pod/kube-controller-manager-article3-performance-control-plane/kube-controller-manager] I0712 14:42:40.983666       1 shared_informer.go:377] "Caches are synced"
[pod/kube-controller-manager-article3-performance-control-plane/kube-controller-manager] I0712 14:42:40.983698       1 shared_informer.go:377] "Caches are synced"
[pod/kube-controller-manager-article3-performance-control-plane/kube-controller-manager] I0712 14:42:40.982303       1 shared_informer.go:377] "Caches are synced"
[pod/kube-controller-manager-article3-performance-control-plane/kube-controller-manager] I0712 14:42:40.989823       1 shared_informer.go:377] "Caches are synced"
[pod/kube-controller-manager-article3-performance-control-plane/kube-controller-manager] I0712 14:42:40.989852       1 shared_informer.go:377] "Caches are synced"
[pod/kube-controller-manager-article3-performance-control-plane/kube-controller-manager] I0712 14:42:40.989869       1 shared_informer.go:377] "Caches are synced"
[pod/kube-controller-manager-article3-performance-control-plane/kube-controller-manager] I0712 14:42:40.991404       1 shared_informer.go:377] "Caches are synced"
[pod/kube-controller-manager-article3-performance-control-plane/kube-controller-manager] I0712 14:42:41.003779       1 shared_informer.go:377] "Caches are synced"
[pod/kube-controller-manager-article3-performance-control-plane/kube-controller-manager] I0712 14:42:41.005448       1 shared_informer.go:377] "Caches are synced"
[pod/kube-controller-manager-article3-performance-control-plane/kube-controller-manager] I0712 14:42:41.010740       1 shared_informer.go:377] "Caches are synced"
[pod/kube-controller-manager-article3-performance-control-plane/kube-controller-manager] I0712 14:42:41.017326       1 shared_informer.go:377] "Caches are synced"
[pod/kube-controller-manager-article3-performance-control-plane/kube-controller-manager] I0712 14:42:41.017904       1 shared_informer.go:377] "Caches are synced"
[pod/kube-controller-manager-article3-performance-control-plane/kube-controller-manager] I0712 14:42:41.025070       1 shared_informer.go:377] "Caches are synced"
[pod/kube-controller-manager-article3-performance-control-plane/kube-controller-manager] I0712 14:42:41.028446       1 node_lifecycle_controller.go:1234] "Initializing eviction metric for zone" zone=""
[pod/kube-controller-manager-article3-performance-control-plane/kube-controller-manager] I0712 14:42:41.034202       1 node_lifecycle_controller.go:886] "Missing timestamp for Node. Assuming now as a timestamp" node="article3-performance-worker3"
[pod/kube-controller-manager-article3-performance-control-plane/kube-controller-manager] I0712 14:42:41.040648       1 shared_informer.go:377] "Caches are synced"
[pod/kube-controller-manager-article3-performance-control-plane/kube-controller-manager] I0712 14:42:41.034925       1 node_lifecycle_controller.go:886] "Missing timestamp for Node. Assuming now as a timestamp" node="article3-performance-worker2"
[pod/kube-controller-manager-article3-performance-control-plane/kube-controller-manager] I0712 14:42:41.044224       1 node_lifecycle_controller.go:886] "Missing timestamp for Node. Assuming now as a timestamp" node="article3-performance-worker"
[pod/kube-controller-manager-article3-performance-control-plane/kube-controller-manager] I0712 14:42:41.035042       1 node_lifecycle_controller.go:886] "Missing timestamp for Node. Assuming now as a timestamp" node="article3-performance-control-plane"
[pod/kube-controller-manager-article3-performance-control-plane/kube-controller-manager] I0712 14:42:41.062496       1 node_lifecycle_controller.go:1038] "Controller detected that all Nodes are not-Ready. Entering master disruption mode"
[pod/kube-controller-manager-article3-performance-control-plane/kube-controller-manager] I0712 14:42:41.181787       1 shared_informer.go:370] "Waiting for caches to sync"
[pod/kube-controller-manager-article3-performance-control-plane/kube-controller-manager] I0712 14:42:41.282969       1 shared_informer.go:377] "Caches are synced"
[pod/kube-controller-manager-article3-performance-control-plane/kube-controller-manager] I0712 14:42:41.299673       1 shared_informer.go:377] "Caches are synced"
[pod/kube-controller-manager-article3-performance-control-plane/kube-controller-manager] I0712 14:42:41.300635       1 garbagecollector.go:166] "Garbage collector: all resource monitors have synced"
[pod/kube-controller-manager-article3-performance-control-plane/kube-controller-manager] I0712 14:42:41.301522       1 garbagecollector.go:169] "Proceeding to collect garbage"
[pod/kube-controller-manager-article3-performance-control-plane/kube-controller-manager] E0712 14:43:01.085897       1 leaderelection.go:445] "Failed to update lease optimistically, falling back to slow path" err="Put \"https://172.18.0.11:6443/apis/coordination.k8s.io/v1/namespaces/kube-system/leases/kube-controller-manager?timeout=5s\": context deadline exceeded" lock="kube-system/kube-controller-manager"
[pod/kube-controller-manager-article3-performance-control-plane/kube-controller-manager] E0712 14:43:06.199496       1 leaderelection.go:452] "Error retrieving lease lock" err="Get \"https://172.18.0.11:6443/apis/coordination.k8s.io/v1/namespaces/kube-system/leases/kube-controller-manager?timeout=5s\": context deadline exceeded" lock="kube-system/kube-controller-manager"
[pod/kube-controller-manager-article3-performance-control-plane/kube-controller-manager] I0712 14:43:06.210612       1 leaderelection.go:299] "Failed to renew lease" lock="kube-system/kube-controller-manager" err="context deadline exceeded"
[pod/kube-controller-manager-article3-performance-control-plane/kube-controller-manager] I0712 14:43:06.341406       1 job_controller.go:258] "Shutting down job controller"
[pod/kube-controller-manager-article3-performance-control-plane/kube-controller-manager] I0712 14:43:06.342780       1 pvc_protection_controller.go:170] "Shutting down PVC protection controller"
[pod/kube-controller-manager-article3-performance-control-plane/kube-controller-manager] I0712 14:43:06.344516       1 controller.go:178] "Shutting down ephemeral volume controller"
[pod/kube-controller-manager-article3-performance-control-plane/kube-controller-manager] I0712 14:43:06.353047       1 taint_eviction.go:293] "Shutting down controller" controller="taint-eviction-controller"
[pod/kube-controller-manager-article3-performance-control-plane/kube-controller-manager] I0712 14:43:06.345285       1 clusterroleaggregation_controller.go:198] "Shutting down ClusterRoleAggregator controller"
[pod/kube-controller-manager-article3-performance-control-plane/kube-controller-manager] I0712 14:43:06.354299       1 horizontal.go:208] "Shutting down HPA controller"
[pod/kube-controller-manager-article3-performance-control-plane/kube-controller-manager] I0712 14:43:06.353300       1 legacy_serviceaccount_token_cleaner.go:111] "Shutting down legacy service account token cleaner controller"
[pod/kube-controller-manager-article3-performance-control-plane/kube-controller-manager] I0712 14:43:06.355144       1 attach_detach_controller.go:339] "Shutting down attach detach controller"
[pod/kube-controller-manager-article3-performance-control-plane/kube-controller-manager] I0712 14:43:06.356081       1 controller.go:427] "Shutting down resource claim controller"
[pod/kube-controller-manager-article3-performance-control-plane/kube-controller-manager] I0712 14:43:06.356603       1 deployment_controller.go:176] "Shutting down controller" controller="deployment"
[pod/kube-controller-manager-article3-performance-control-plane/kube-controller-manager] I0712 14:43:06.358720       1 horizontal.go:277] "Horizontal Pod Autoscaler controller worker shutting down"
[pod/kube-controller-manager-article3-performance-control-plane/kube-controller-manager] I0712 14:43:06.358870       1 endpoints_controller.go:197] "Shutting down endpoint controller"
[pod/kube-controller-manager-article3-performance-control-plane/kube-controller-manager] I0712 14:43:06.361538       1 replica_set.go:245] "Shutting down controller" name="replicationcontroller"
[pod/kube-controller-manager-article3-performance-control-plane/kube-controller-manager] I0712 14:43:06.361817       1 replica_set.go:245] "Shutting down controller" name="replicaset"
[pod/kube-controller-manager-article3-performance-control-plane/kube-controller-manager] I0712 14:43:06.362191       1 disruption.go:469] "Shutting down disruption controller"
[pod/kube-controller-manager-article3-performance-control-plane/kube-controller-manager] I0712 14:43:06.362241       1 pv_controller_base.go:311] "Shutting down persistent volume controller"
[pod/kube-controller-manager-article3-performance-control-plane/kube-controller-manager] I0712 14:43:06.362257       1 pv_controller_base.go:604] "Claim worker queue shutting down"
[pod/kube-controller-manager-article3-performance-control-plane/kube-controller-manager] I0712 14:43:06.362336       1 horizontal.go:277] "Horizontal Pod Autoscaler controller worker shutting down"
[pod/kube-controller-manager-article3-performance-control-plane/kube-controller-manager] I0712 14:43:06.362353       1 horizontal.go:277] "Horizontal Pod Autoscaler controller worker shutting down"
[pod/kube-controller-manager-article3-performance-control-plane/kube-controller-manager] I0712 14:43:06.362362       1 horizontal.go:277] "Horizontal Pod Autoscaler controller worker shutting down"
[pod/kube-controller-manager-article3-performance-control-plane/kube-controller-manager] I0712 14:43:06.362397       1 horizontal.go:277] "Horizontal Pod Autoscaler controller worker shutting down"
[pod/kube-controller-manager-article3-performance-control-plane/kube-controller-manager] I0712 14:43:06.362592       1 ttlafterfinished_controller.go:116] "Shutting down TTL after finished controller"
[pod/kube-controller-manager-article3-performance-control-plane/kube-controller-manager] I0712 14:43:06.362943       1 pv_protection_controller.go:85] "Shutting down PV protection controller"
[pod/kube-controller-manager-article3-performance-control-plane/kube-controller-manager] I0712 14:43:06.363209       1 endpointslice_controller.go:287] "Shutting down endpoint slice controller"
[pod/kube-controller-manager-article3-performance-control-plane/kube-controller-manager] I0712 14:43:06.364200       1 ttl_controller.go:131] "Shutting down TTL controller"
[pod/kube-controller-manager-article3-performance-control-plane/kube-controller-manager] I0712 14:43:06.364383       1 vac_protection_controller.go:210] "Shutting down VAC protection controller"
[pod/kube-controller-manager-article3-performance-control-plane/kube-controller-manager] I0712 14:43:06.365995       1 range_allocator.go:185] "Shutting down range CIDR allocator"
[pod/kube-controller-manager-article3-performance-control-plane/kube-controller-manager] I0712 14:43:06.367835       1 node_ipam_controller.go:154] "Shutting down ipam controller"
[pod/kube-controller-manager-article3-performance-control-plane/kube-controller-manager] I0712 14:43:06.369045       1 certificate_controller.go:124] "Shutting down certificate controller" name="csrapproving"
[pod/kube-controller-manager-article3-performance-control-plane/kube-controller-manager] I0712 14:43:06.369467       1 certificate_controller.go:124] "Shutting down certificate controller" name="csrsigning-kube-apiserver-client"
[pod/kube-controller-manager-article3-performance-control-plane/kube-controller-manager] I0712 14:43:06.369614       1 serviceaccounts_controller.go:121] "Shutting down service account controller"
[pod/kube-controller-manager-article3-performance-control-plane/kube-controller-manager] I0712 14:43:06.370145       1 resource_quota_controller.go:301] "Shutting down resource quota controller"
[pod/kube-controller-manager-article3-performance-control-plane/kube-controller-manager] I0712 14:43:06.370191       1 resource_quota_controller.go:285] "resource quota controller worker shutting down"
[pod/kube-controller-manager-article3-performance-control-plane/kube-controller-manager] I0712 14:43:06.370216       1 resource_quota_controller.go:285] "resource quota controller worker shutting down"
[pod/kube-controller-manager-article3-performance-control-plane/kube-controller-manager] I0712 14:43:06.370245       1 resource_quota_controller.go:285] "resource quota controller worker shutting down"
[pod/kube-controller-manager-article3-performance-control-plane/kube-controller-manager] I0712 14:43:06.370253       1 resource_quota_controller.go:285] "resource quota controller worker shutting down"
[pod/kube-controller-manager-article3-performance-control-plane/kube-controller-manager] I0712 14:43:06.370262       1 resource_quota_controller.go:285] "resource quota controller worker shutting down"
[pod/kube-controller-manager-article3-performance-control-plane/kube-controller-manager] I0712 14:43:06.370270       1 resource_quota_controller.go:285] "resource quota controller worker shutting down"
[pod/kube-controller-manager-article3-performance-control-plane/kube-controller-manager] I0712 14:43:06.370288       1 resource_quota_controller.go:285] "resource quota controller worker shutting down"
[pod/kube-controller-manager-article3-performance-control-plane/kube-controller-manager] I0712 14:43:06.370296       1 resource_quota_controller.go:285] "resource quota controller worker shutting down"
[pod/kube-controller-manager-article3-performance-control-plane/kube-controller-manager] I0712 14:43:06.370310       1 resource_quota_controller.go:285] "resource quota controller worker shutting down"
[pod/kube-controller-manager-article3-performance-control-plane/kube-controller-manager] I0712 14:43:06.370318       1 resource_quota_controller.go:285] "resource quota controller worker shutting down"
[pod/kube-controller-manager-article3-performance-control-plane/kube-controller-manager] I0712 14:43:06.370329       1 cronjob_controllerv2.go:147] "Shutting down cronjob controller v2"
[pod/kube-controller-manager-article3-performance-control-plane/kube-controller-manager] I0712 14:43:06.374117       1 certificate_controller.go:124] "Shutting down certificate controller" name="csrsigning-kubelet-serving"
[pod/kube-controller-manager-article3-performance-control-plane/kube-controller-manager] I0712 14:43:06.374236       1 certificate_controller.go:124] "Shutting down certificate controller" name="csrsigning-legacy-unknown"
[pod/kube-controller-manager-article3-performance-control-plane/kube-controller-manager] I0712 14:43:06.374297       1 daemon_controller.go:313] "Shutting down daemon sets controller"
[pod/kube-controller-manager-article3-performance-control-plane/kube-controller-manager] I0712 14:43:06.374369       1 node_lifecycle_controller.go:465] "Shutting down node controller"
[pod/kube-controller-manager-article3-performance-control-plane/kube-controller-manager] I0712 14:43:06.378175       1 publisher.go:111] "Shutting down root CA cert publisher controller"
[pod/kube-controller-manager-article3-performance-control-plane/kube-controller-manager] I0712 14:43:06.378566       1 tokencleaner.go:121] "Shutting down token cleaner controller"
[pod/kube-controller-manager-article3-performance-control-plane/kube-controller-manager] I0712 14:43:06.380658       1 event.go:389] "Event occurred" object="kube-system/kube-controller-manager" fieldPath="" kind="Lease" apiVersion="coordination.k8s.io/v1" type="Normal" reason="LeaderElection" message="article3-performance-control-plane_e43a88c1-f0d3-4499-b466-1bd34d8c1fe4 stopped leading"
[pod/kube-controller-manager-article3-performance-control-plane/kube-controller-manager] I0712 14:43:06.381028       1 pv_controller_base.go:547] "Volume worker queue shutting down"
[pod/kube-controller-manager-article3-performance-control-plane/kube-controller-manager] I0712 14:43:06.384557       1 stateful_set.go:180] "Shutting down statefulset controller"
[pod/kube-controller-manager-article3-performance-control-plane/kube-controller-manager] I0712 14:43:06.387770       1 certificate_controller.go:124] "Shutting down certificate controller" name="csrsigning-kubelet-client"
[pod/kube-controller-manager-article3-performance-control-plane/kube-controller-manager] I0712 14:43:06.389131       1 expand_controller.go:332] "Shutting down expand controller"
[pod/kube-controller-manager-article3-performance-control-plane/kube-controller-manager] I0712 14:43:06.389756       1 namespace_controller.go:206] "Shutting down namespace controller"
[pod/kube-controller-manager-article3-performance-control-plane/kube-controller-manager] E0712 14:43:06.396466       1 controllermanager.go:368] "leaderelection lost"
[pod/kube-controller-manager-article3-performance-control-plane/kube-controller-manager] I0712 14:43:06.397992       1 gc_controller.go:102] "Shutting down GC controller"
[pod/kube-controller-manager-article3-performance-control-plane/kube-controller-manager] I0712 14:43:06.398056       1 servicecidrs_controller.go:140] "Shutting down" controller="service-cidr-controller"
